// Jest Snapshot v1, https://goo.gl/fbAQLP

exports[`Tabs Component should match snapshot for Tabs 1`] = `
<div>
  <div>
    <ul
      class="tabs"
    >
      <li
        class=""
      >
        <a
          data-testid="anchor-tab-1"
          href="#"
        >
          Tab 1
        </a>
      </li>
      <li
        class=""
      >
        <a
          data-testid="anchor-tab-2"
          href="#"
        >
          Tab 2
        </a>
      </li>
      <li
        class="current"
      >
        <a
          data-testid="anchor-tab-3"
          href="#"
        >
          Tab 3
        </a>
      </li>
    </ul>
    <div
      class="content"
      data-testid="tab-content-tab-3"
    >
      <h2>
        Title Tab 3
      </h2>
      <p>
        hello world
      </p>
    </div>
  </div>
</div>
`;
